@!@!@STARTMSG 2262:0 @!@!@
TLC2 Version 2026.04.15.221812 (rev: 389440f)
@!@!@ENDMSG 2262 @!@!@
@!@!@STARTMSG 2187:0 @!@!@
Running breadth-first search Model-Checking with fp 118 and seed 6814178400789049111 with 5 workers on 10 cores with 1216MB heap and 2730MB offheap memory [pid: 85449] (Mac OS X 26.1 aarch64, Eclipse Adoptium 17.0.18 64bit, OffHeapDiskFPSet, DiskStateQueue).
@!@!@ENDMSG 2187 @!@!@
@!@!@STARTMSG 2220:0 @!@!@
Starting SANY...
@!@!@ENDMSG 2220 @!@!@
Parsing file /Users/digogonz/Desktop/Github/TLA/Lamport TLA+ Course/Lesson5/SP.toolbox/Model_1/MC.tla
Parsing file /Users/digogonz/Desktop/Github/TLA/Lamport TLA+ Course/Lesson5/SP.toolbox/Model_1/TransCommit.tla
Parsing file /Applications/TLA+ Toolbox.app/Contents/Eclipse/plugins/org.lamport.tlatools_1.0.0.202604090140/tla2sany/StandardModules/TLC.tla
Parsing file /Applications/TLA+ Toolbox.app/Contents/Eclipse/plugins/org.lamport.tlatools_1.0.0.202604090140/tla2sany/StandardModules/Naturals.tla
Parsing file /Applications/TLA+ Toolbox.app/Contents/Eclipse/plugins/org.lamport.tlatools_1.0.0.202604090140/tla2sany/StandardModules/Sequences.tla
Parsing file /Applications/TLA+ Toolbox.app/Contents/Eclipse/plugins/org.lamport.tlatools_1.0.0.202604090140/tla2sany/StandardModules/FiniteSets.tla
Semantic processing of module TransCommit
Semantic processing of module Naturals
Semantic processing of module Sequences
Semantic processing of module FiniteSets
Semantic processing of module TLC
Semantic processing of module MC
Linting of module TransCommit
Linting of module MC
@!@!@STARTMSG 2219:0 @!@!@
SANY finished.
@!@!@ENDMSG 2219 @!@!@
@!@!@STARTMSG 2185:0 @!@!@
Starting... (2026-04-15 16:18:13)
@!@!@ENDMSG 2185 @!@!@
@!@!@STARTMSG 2189:0 @!@!@
Computing initial states...
@!@!@ENDMSG 2189 @!@!@
@!@!@STARTMSG 2190:0 @!@!@
Finished computing initial states: 1 distinct state generated at 2026-04-15 16:18:13.
@!@!@ENDMSG 2190 @!@!@
@!@!@STARTMSG 2193:0 @!@!@
Model checking completed. No error has been found.
  Estimates of the probability that TLC did not check all reachable states
  because two distinct states had the same fingerprint:
  calculated (optimistic):  val = 1.1E-16
@!@!@ENDMSG 2193 @!@!@
@!@!@STARTMSG 2201:0 @!@!@
The coverage statistics at 2026-04-15 16:18:13 (see https://explain.tlapl.us/module-coverage-statistics for how to interpret the following statistics).
@!@!@ENDMSG 2201 @!@!@
@!@!@STARTMSG 2779:0 @!@!@
<rmState line 6, col 10 to line 6, col 16 of module TransCommit>: 29
@!@!@ENDMSG 2779 @!@!@
@!@!@STARTMSG 2773:0 @!@!@
<TCInit line 10, col 1 to line 10, col 6 of module TransCommit>: 1:1
@!@!@ENDMSG 2773 @!@!@
@!@!@STARTMSG 2221:0 @!@!@
  line 10, col 13 to line 10, col 46 of module TransCommit: 1
@!@!@ENDMSG 2221 @!@!@
@!@!@STARTMSG 2775:0 @!@!@
  |line 10, col 23 to line 10, col 46 of module TransCommit: 1:3
@!@!@ENDMSG 2775 @!@!@
@!@!@STARTMSG 2221:0 @!@!@
  ||line 10, col 30 to line 10, col 31 of module TransCommit: 1
@!@!@ENDMSG 2221 @!@!@
@!@!@STARTMSG 2775:0 @!@!@
  |||line 6, col 1 to line 6, col 18 of module MC: 1:4
@!@!@ENDMSG 2775 @!@!@
@!@!@STARTMSG 2772:0 @!@!@
<Prepare line 18, col 1 to line 18, col 10 of module TransCommit>: 13:27
@!@!@ENDMSG 2772 @!@!@
@!@!@STARTMSG 2221:0 @!@!@
  line 18, col 18 to line 18, col 39 of module TransCommit: 129
@!@!@ENDMSG 2221 @!@!@
@!@!@STARTMSG 2221:0 @!@!@
  |line 18, col 18 to line 18, col 27 of module TransCommit: 102
@!@!@ENDMSG 2221 @!@!@
@!@!@STARTMSG 2221:0 @!@!@
  line 19, col 18 to line 19, col 62 of module TransCommit: 27
@!@!@ENDMSG 2221 @!@!@
@!@!@STARTMSG 2772:0 @!@!@
<Decide line 21, col 1 to line 21, col 9 of module TransCommit (21 18 23 66)>: 7:12
@!@!@ENDMSG 2772 @!@!@
@!@!@STARTMSG 2221:0 @!@!@
  line 21, col 21 to line 21, col 43 of module TransCommit: 114
@!@!@ENDMSG 2221 @!@!@
@!@!@STARTMSG 2221:0 @!@!@
  |line 21, col 21 to line 21, col 30 of module TransCommit: 102
@!@!@ENDMSG 2221 @!@!@
@!@!@STARTMSG 2221:0 @!@!@
  line 12, col 28 to line 12, col 67 of module TransCommit: 112
@!@!@ENDMSG 2221 @!@!@
@!@!@STARTMSG 2221:0 @!@!@
  |line 12, col 28 to line 12, col 37 of module TransCommit: 76
@!@!@ENDMSG 2221 @!@!@
@!@!@STARTMSG 2221:0 @!@!@
  |line 12, col 43 to line 12, col 67 of module TransCommit: 76
@!@!@ENDMSG 2221 @!@!@
@!@!@STARTMSG 2221:0 @!@!@
  line 12, col 23 to line 12, col 24 of module TransCommit: 36
@!@!@ENDMSG 2221 @!@!@
@!@!@STARTMSG 2775:0 @!@!@
  |line 6, col 1 to line 6, col 18 of module MC: 36:144
@!@!@ENDMSG 2775 @!@!@
@!@!@STARTMSG 2221:0 @!@!@
  line 23, col 21 to line 23, col 66 of module TransCommit: 12
@!@!@ENDMSG 2221 @!@!@
@!@!@STARTMSG 2772:0 @!@!@
<Decide line 21, col 1 to line 21, col 9 of module TransCommit (24 18 26 64)>: 13:54
@!@!@ENDMSG 2772 @!@!@
@!@!@STARTMSG 2221:0 @!@!@
  line 24, col 21 to line 24, col 58 of module TransCommit: 156
@!@!@ENDMSG 2221 @!@!@
@!@!@STARTMSG 2221:0 @!@!@
  |line 24, col 21 to line 24, col 30 of module TransCommit: 102
@!@!@ENDMSG 2221 @!@!@
@!@!@STARTMSG 2221:0 @!@!@
  |line 24, col 36 to line 24, col 58 of module TransCommit: 102
@!@!@ENDMSG 2221 @!@!@
@!@!@STARTMSG 2221:0 @!@!@
  line 14, col 31 to line 14, col 54 of module TransCommit: 340
@!@!@ENDMSG 2221 @!@!@
@!@!@STARTMSG 2221:0 @!@!@
  |line 14, col 31 to line 14, col 40 of module TransCommit: 178
@!@!@ENDMSG 2221 @!@!@
@!@!@STARTMSG 2221:0 @!@!@
  line 14, col 26 to line 14, col 27 of module TransCommit: 63
@!@!@ENDMSG 2221 @!@!@
@!@!@STARTMSG 2775:0 @!@!@
  |line 6, col 1 to line 6, col 18 of module MC: 63:252
@!@!@ENDMSG 2775 @!@!@
@!@!@STARTMSG 2221:0 @!@!@
  line 26, col 21 to line 26, col 64 of module TransCommit: 54
@!@!@ENDMSG 2221 @!@!@
@!@!@STARTMSG 2774:0 @!@!@
<TCTypeOK line 8, col 1 to line 8, col 8 of module TransCommit>
@!@!@ENDMSG 2774 @!@!@
@!@!@STARTMSG 2221:0 @!@!@
  line 8, col 13 to line 8, col 79 of module TransCommit: 34
@!@!@ENDMSG 2221 @!@!@
@!@!@STARTMSG 2202:0 @!@!@
End of statistics.
@!@!@ENDMSG 2202 @!@!@
@!@!@STARTMSG 2200:0 @!@!@
Progress(7) at 2026-04-15 16:18:13: 94 states generated (10,291 s/min), 34 distinct states found (3,722 ds/min), 0 states left on queue.
@!@!@ENDMSG 2200 @!@!@
@!@!@STARTMSG 2199:0 @!@!@
94 states generated, 34 distinct states found, 0 states left on queue.
@!@!@ENDMSG 2199 @!@!@
@!@!@STARTMSG 2194:0 @!@!@
The depth of the complete state graph search is 7.
@!@!@ENDMSG 2194 @!@!@
@!@!@STARTMSG 2268:0 @!@!@
The average outdegree of the complete state graph is 1 (minimum is 0, the maximum 6 and the 95th percentile is 4).
@!@!@ENDMSG 2268 @!@!@
@!@!@STARTMSG 2186:0 @!@!@
Finished in 550ms at (2026-04-15 16:18:13)
@!@!@ENDMSG 2186 @!@!@
